[p.w3layouts.com/demos_new/16-02-2017/tabs_payment_form-demo_Free/511620680/web/index2a9b.html]
[backblue.gif]
[fade.gif]
[index.html]
[p.w3layouts.com/demos_new/16-02-2017/tabs_payment_form-demo_Free/511620680/web/css/style.css]
[p.w3layouts.com/demos_new/16-02-2017/tabs_payment_form-demo_Free/511620680/web/css/creditly.css]
[p.w3layouts.com/demos_new/16-02-2017/tabs_payment_form-demo_Free/511620680/web/css/easy-responsive-tabs.css]
[p.w3layouts.com/demos_new/16-02-2017/tabs_payment_form-demo_Free/511620680/web/js/jquery.min.js]
[p.w3layouts.com/demos_new/16-02-2017/tabs_payment_form-demo_Free/511620680/web/css/font-awesome.css]
[m.servedby-buysellads.com/monetization.js]
[p.w3layouts.com/assests/css/font-awesome.min.css]
[p.w3layouts.com/demos_new/16-02-2017/tabs_payment_form-demo_Free/511620680/web/images/1.jpg]
[p.w3layouts.com/demos_new/16-02-2017/tabs_payment_form-demo_Free/511620680/web/images/2.jpg]
[p.w3layouts.com/demos_new/16-02-2017/tabs_payment_form-demo_Free/511620680/web/js/creditly.js]
[p.w3layouts.com/demos_new/16-02-2017/tabs_payment_form-demo_Free/511620680/web/index2a9b.html]
[p.w3layouts.com/demos_new/16-02-2017/tabs_payment_form-demo_Free/511620680/web/js/easy-responsive-tabs.js]
[p.w3layouts.com/demos_new/16-02-2017/tabs_payment_form-demo_Free/511620680/web/images/banner.jpg]
[p.w3layouts.com/demos_new/16-02-2017/tabs_payment_form-demo_Free/511620680/web/css/style.css]
[p.w3layouts.com/demos_new/16-02-2017/tabs_payment_form-demo_Free/511620680/web/css/creditly.css]
[p.w3layouts.com/demos_new/16-02-2017/tabs_payment_form-demo_Free/511620680/web/css/easy-responsive-tabs.css]
[p.w3layouts.com/demos_new/16-02-2017/tabs_payment_form-demo_Free/511620680/web/fonts/fontawesome-webfont5b62.eot]
[p.w3layouts.com/demos_new/16-02-2017/tabs_payment_form-demo_Free/511620680/web/fonts/fontawesome-webfontd41d.eot]
[p.w3layouts.com/demos_new/16-02-2017/tabs_payment_form-demo_Free/511620680/web/fonts/fontawesome-webfont5b62.woff2]
[p.w3layouts.com/demos_new/16-02-2017/tabs_payment_form-demo_Free/511620680/web/fonts/fontawesome-webfont5b62.woff]
[p.w3layouts.com/demos_new/16-02-2017/tabs_payment_form-demo_Free/511620680/web/fonts/fontawesome-webfont5b62.ttf]
[p.w3layouts.com/demos_new/16-02-2017/tabs_payment_form-demo_Free/511620680/web/css/font-awesome.css]
[p.w3layouts.com/assests/css/font-awesome.min.css]
[p.w3layouts.com/demos_new/16-02-2017/tabs_payment_form-demo_Free/511620680/web/fonts/fontawesome-webfont5b62.svg]
[p.w3layouts.com/demos_new/16-02-2017/tabs_payment_form-demo_Free/511620680/web/fonts/fontawesome-webfont5b62.svg]
